// Jest Snapshot v1, https://goo.gl/fbAQLP

exports[`renders a snapshot 1`] = `<reducer />`;

exports[`renders correctly 1`] = `ShallowWrapper {}`;
