// Jest Snapshot v1, https://goo.gl/fbAQLP

exports[`renders a snapshot 1`] = `<callApi />`;

exports[`renders correctly 1`] = `ShallowWrapper {}`;
